//**
// verify/verify.lis
// capp-build
//
// Project structure verification.
// Each verify_* function tests one discrete structural invariant and returns
// a VerifyResult. The set of invariants grows with the pipeline phases.
//
// Consumed by main.lis (CLI) and the orchestration application.
// Invoke via `capp-build verify <subcommand>` for interactive use,
// or call directly as a library from the cappuccino orchestrator.
//
// Created by David Richardson on Friday, May 22, 2026.
// Copyright (c) 2026 David Richardson. All rights reserved.
// **
import "build"

// VerifyResult is the outcome of a single structural verification.
pub struct VerifyResult {
  pub ok:     bool,
  pub label:  string,
  pub detail: string,
}

// verify_root locates the Cappuccino project root from start and reports
// its absolute path, or the reason it could not be found.
// start may be relative or absolute; "." means the invocation directory.
pub fn verify_root(start: string) -> VerifyResult {
  match build.find_project_root(start) {
    Ok(root) => VerifyResult {
      ok:     true,
      label:  "project root",
      detail: root.path,
    },
    Err(e) => VerifyResult {
      ok:     false,
      label:  "project root",
      detail: f"{e}",
    },
  }
}
