//**
// main.lis
// capp-build
//
// Created by David Richardson on Thursday, April 9, 2026.
// Copyright (c) 2026 David Richardson. All rights reserved.
//
// CLI entry point. Thin consumer of the build, verify, and smoke library packages.
// Wires the cobra command surface and delegates all logic to sub-packages.
//
// Command surface:
//   capp-build build [--mode debug|release|clean] [--http2]
//   capp-build verify root [path]
//   capp-build smoke cobra
//   capp-build smoke capp
//   capp-build smoke all
//
//
// **
import "go:fmt"
import "go:github.com/spf13/cobra"
import "build"
import "smoke"
import "verify"

// ---------------------------------------------------------------------------
// Shared cobra scaffolding
// ---------------------------------------------------------------------------

type RunFn = fn(Ref<cobra.Command>, Slice<string>) -> ()

fn no_args(cmd: Ref<cobra.Command>, args: Slice<string>) -> Result<(), error> {
  cobra.NoArgs(cmd, args)
}

fn noop_run(_cmd: Ref<cobra.Command>, _args: Slice<string>) {}

fn completion_options() -> cobra.CompletionOptions {
  cobra.CompletionOptions {
    DisableDefaultCmd: false,
    DisableNoDescFlag: false,
    DisableDescriptions: false,
    HiddenDefaultCmd: false,
    DefaultShellCompDirective: Some(cobra.ShellCompDirectiveDefault),
    ..,
  }
}

fn fparse_err_whitelist() -> cobra.FParseErrWhitelist {
  cobra.FParseErrWhitelist { UnknownFlags: false }
}

// make_command creates a leaf command that accepts no positional arguments.
fn make_command(use: string, short: string, run: RunFn) -> cobra.Command {
  cobra.Command {
    Use:   use,
    Short: short,
    Args:  Some(no_args as cobra.PositionalArgs),
    Annotations: Map.new<string, string>(),
    PersistentPreRun:    Some(noop_run as RunFn),
    PersistentPreRunE:   None,
    PreRun:              Some(noop_run as RunFn),
    PreRunE:             None,
    Run:                 Some(run),
    RunE:                None,
    PostRun:             Some(noop_run as RunFn),
    PostRunE:            None,
    PersistentPostRun:   Some(noop_run as RunFn),
    PersistentPostRunE:  None,
    ValidArgsFunction:   None,
    FParseErrWhitelist:  fparse_err_whitelist(),
    CompletionOptions:   completion_options(),
    SilenceErrors:       true,
    SilenceUsage:        true,
    SuggestionsMinimumDistance: 2,
    ..,
  }
}

// make_command_with_args creates a leaf command that accepts optional positional arguments.
fn make_command_with_args(use: string, short: string, run: RunFn) -> cobra.Command {
  cobra.Command {
    Use:   use,
    Short: short,
    Annotations: Map.new<string, string>(),
    PersistentPreRun:    Some(noop_run as RunFn),
    PersistentPreRunE:   None,
    PreRun:              Some(noop_run as RunFn),
    PreRunE:             None,
    Run:                 Some(run),
    RunE:                None,
    PostRun:             Some(noop_run as RunFn),
    PostRunE:            None,
    PersistentPostRun:   Some(noop_run as RunFn),
    PersistentPostRunE:  None,
    ValidArgsFunction:   None,
    FParseErrWhitelist:  fparse_err_whitelist(),
    CompletionOptions:   completion_options(),
    SilenceErrors:       true,
    SilenceUsage:        true,
    SuggestionsMinimumDistance: 2,
    ..,
  }
}

// make_group creates a command group that receives subcommands.
fn make_group(use: string, short: string) -> cobra.Command {
  cobra.Command {
    Use:   use,
    Short: short,
    Args:  Some(no_args as cobra.PositionalArgs),
    Annotations: Map.new<string, string>(),
    PersistentPreRun:    Some(noop_run as RunFn),
    PersistentPreRunE:   None,
    PreRun:              None,
    PreRunE:             None,
    Run:                 None,
    RunE:                None,
    PostRun:             None,
    PostRunE:            None,
    PersistentPostRun:   Some(noop_run as RunFn),
    PersistentPostRunE:  None,
    ValidArgsFunction:   None,
    FParseErrWhitelist:  fparse_err_whitelist(),
    CompletionOptions:   completion_options(),
    SilenceErrors:       true,
    SilenceUsage:        true,
    SuggestionsMinimumDistance: 2,
    ..,
  }
}

// ---------------------------------------------------------------------------
// build command
// ---------------------------------------------------------------------------

fn run_build(cmd: Ref<cobra.Command>, args: Slice<string>) {
  let source_root = if args.length() > 0 { args[0] } else { "." }

  let mode_str = match cmd.Flags().GetString("mode") {
    Ok(v)  => v,
    Err(_) => "debug",
  }

  let mode = match mode_str {
    "release" => build.BuildMode.Release,
    "clean"   => build.BuildMode.Clean,
    "debug"   => build.BuildMode.Debug,
    _         => {
      cmd.Println(f"unknown mode '{mode_str}': must be debug, release, or clean")
      return
    },
  }

  let http2_flag = match cmd.Flags().GetBool("http2") {
    Ok(v)  => v,
    Err(_) => false,
  }

  let delivery = if http2_flag {
    build.DeliveryContext.HTTP2
  } else {
    build.DeliveryContext.HTTP1
  }

  let cfg = build.BuildConfig {
    mode:        mode,
    delivery:    delivery,
    source_root: source_root,
    grammar:     "",
  }

  match build.build(cfg) {
    Ok(result) => cmd.Println(result.message),
    Err(e)     => cmd.Println(f"build error: {e}"),
  }
}

fn new_build_cmd() -> cobra.Command {
  let mut cmd = make_command_with_args(
    "build [path]",
    "Compile Objective-J source",
    run_build,
  )
  let _ = cmd.Flags().String("mode", "debug", "build mode: debug, release, clean")
  let _ = cmd.Flags().Bool("http2", false, "target HTTP/2 delivery (default: HTTP/1.x)")
  cmd
}

// ---------------------------------------------------------------------------
// verify commands
// ---------------------------------------------------------------------------

fn run_verify_root(cmd: Ref<cobra.Command>, args: Slice<string>) {
  let start = if args.length() > 0 { args[0] } else { "." }
  let result = verify.verify_root(start)
  let icon = if result.ok { "✓" } else { "✗" }
  cmd.Println(f"{icon}  {result.label}: {result.detail}")
}

fn new_verify_cmd() -> cobra.Command {
  let mut verify_cmd = make_group(
    "verify",
    "Verify Cappuccino project structure",
  )
  let root_cmd = make_command_with_args("root [path]", "Locate the project root", run_verify_root)
  verify_cmd.AddCommand(&root_cmd)
  verify_cmd
}

// ---------------------------------------------------------------------------
// smoke commands
// ---------------------------------------------------------------------------

fn run_smoke_cobra(cmd: Ref<cobra.Command>, _args: Slice<string>) {
  let result = smoke.smoke_cobra()
  let icon = if result.ok { "✓" } else { "✗" }
  cmd.Println(f"{icon}  {result.name}: {result.note}")
}

fn run_smoke_capp(cmd: Ref<cobra.Command>, _args: Slice<string>) {
  let grammar = match cmd.Flags().GetString("grammar") {
    Ok(v)  => v,
    Err(_) => "",
  }
  let result  = smoke.smoke_capp(grammar)
  let icon = if result.ok { "✓" } else { "✗" }
  cmd.Println(f"{icon}  {result.name}: {result.note}")
}

fn run_smoke_all(cmd: Ref<cobra.Command>, _args: Slice<string>) {
  let grammar = match cmd.Flags().GetString("grammar") {
    Ok(v)  => v,
    Err(_) => "",
  }
  smoke.smoke_all(grammar)
}

fn new_smoke_cmd() -> cobra.Command {
  let mut smoke_cmd = make_group(
    "smoke",
    "Run interop smoke tests",
  )

  let cobra_cmd = make_command("cobra", "Smoke-test cobra interop", run_smoke_cobra)

  let mut capp_cmd = make_command("capp", "Smoke-test capp-parse interop", run_smoke_capp)
  let _ = capp_cmd.Flags().String("grammar", "", "explicit path to grammar dylib")

  let mut all_cmd = make_command("all", "Run all smoke tests", run_smoke_all)
  let _ = all_cmd.Flags().String("grammar", "", "explicit path to grammar dylib")

  smoke_cmd.AddCommand(&cobra_cmd)
  smoke_cmd.AddCommand(&capp_cmd)
  smoke_cmd.AddCommand(&all_cmd)
  smoke_cmd
}

// ---------------------------------------------------------------------------
// root and main
// ---------------------------------------------------------------------------

fn main() {
  let mut root = make_group(
    "capp-build",
    "Cappuccino source compiler",
  )

  let build_cmd  = new_build_cmd()
  let verify_cmd = new_verify_cmd()
  let smoke_cmd  = new_smoke_cmd()

  root.AddCommand(&build_cmd)
  root.AddCommand(&verify_cmd)
  root.AddCommand(&smoke_cmd)

  match root.Execute() {
    Ok(_)  => (),
    Err(e) => fmt.Println(f"error: {e}"),
  }
}
